#######################################
# User Overrides
#
# This file is preserved during config regeneration.
# Add your customizations here.
#######################################

# Example: Override stepper current
# [tmc2209 stepper_x]
# run_current: 1.2

# Example: Add custom macro
# [gcode_macro MY_MACRO]
# gcode:
#     G28

